
> holoscript@2.0.0 build C:\Users\josep\Documents\GitHub\HoloScript
> pnpm -r build

Scope: 4 of 5 workspace projects
packages/core build$ tsup
packages/creator-tools build$ tsc && vite build
packages/uaa2-client build$ tsup
packages/core build: [34mCLI[39m Building entry: {"index":"src/index.ts","parser":"src/HoloScriptCodeParser.ts","runtime":"src/HoloScriptRuntime.ts","type-checker":"src/HoloScriptTypeChecker.ts","debugger":"src/HoloScriptDebugger.ts"}
packages/core build: [34mCLI[39m Using tsconfig: tsconfig.json
packages/core build: [34mCLI[39m tsup v8.5.1
packages/core build: [34mCLI[39m Using tsup config: C:\Users\josep\Documents\GitHub\HoloScript\packages\core\tsup.config.ts
packages/uaa2-client build: [34mCLI[39m Building entry: src/index.ts
packages/core build: [34mCLI[39m Target: es2020
packages/uaa2-client build: [34mCLI[39m Using tsconfig: tsconfig.json
packages/uaa2-client build: [34mCLI[39m tsup v8.5.1
packages/uaa2-client build: [34mCLI[39m Using tsup config: C:\Users\josep\Documents\GitHub\HoloScript\packages\uaa2-client\tsup.config.ts
packages/uaa2-client build: [34mCLI[39m Target: es2020
packages/uaa2-client build: [34mCLI[39m Cleaning output folder
packages/uaa2-client build: [34mCJS[39m Build start
packages/uaa2-client build: [34mESM[39m Build start
packages/core build: [34mCLI[39m Cleaning output folder
packages/core build: [34mCJS[39m Build start
packages/core build: [34mESM[39m Build start
packages/uaa2-client build: X [ERROR] Unterminated string literal
packages/uaa2-client build:     src/index.ts:49:59:
packages/uaa2-client build:       49 Γöé export { ComponentBuilderSession } from './ComponentBuilder
packages/uaa2-client build:          Γò╡                                                            ^
packages/uaa2-client build: [31mESM[39m [31mBuild failed[39m
packages/uaa2-client build: X [ERROR] Unterminated string literal
packages/uaa2-client build:     src/index.ts:49:59:
packages/uaa2-client build:       49 Γöé export { ComponentBuilderSession } from './ComponentBuilder
packages/uaa2-client build:          Γò╡                                                            ^
packages/uaa2-client build: [31mError: Build failed with 1 error:
packages/uaa2-client build: src/index.ts:49:59: ERROR: Unterminated string literal
packages/uaa2-client build:     at failureErrorWithLog (C:\Users\josep\Documents\GitHub\HoloScript\node_modules\.pnpm\esbuild@0.27.2\node_modules\esbuild\lib\main.js:1467:15)
packages/uaa2-client build:     at C:\Users\josep\Documents\GitHub\HoloScript\node_modules\.pnpm\esbuild@0.27.2\node_modules\esbuild\lib\main.js:926:25
packages/uaa2-client build:     at runOnEndCallbacks (C:\Users\josep\Documents\GitHub\HoloScript\node_modules\.pnpm\esbuild@0.27.2\node_modules\esbuild\lib\main.js:1307:45)
packages/uaa2-client build:     at buildResponseToResult (C:\Users\josep\Documents\GitHub\HoloScript\node_modules\.pnpm\esbuild@0.27.2\node_modules\esbuild\lib\main.js:924:7)
packages/uaa2-client build:     at C:\Users\josep\Documents\GitHub\HoloScript\node_modules\.pnpm\esbuild@0.27.2\node_modules\esbuild\lib\main.js:951:16
packages/uaa2-client build:     at responseCallbacks.<computed> (C:\Users\josep\Documents\GitHub\HoloScript\node_modules\.pnpm\esbuild@0.27.2\node_modules\esbuild\lib\main.js:603:9)
packages/uaa2-client build:     at handleIncomingPacket (C:\Users\josep\Documents\GitHub\HoloScript\node_modules\.pnpm\esbuild@0.27.2\node_modules\esbuild\lib\main.js:658:12)
packages/uaa2-client build:     at Socket.readFromStdout (C:\Users\josep\Documents\GitHub\HoloScript\node_modules\.pnpm\esbuild@0.27.2\node_modules\esbuild\lib\main.js:581:7)
packages/uaa2-client build:     at Socket.emit (node:events:519:28)
packages/uaa2-client build:     at addChunk (node:internal/streams/readable:561:12)[39m
packages/uaa2-client build: [31mCJS[39m [31mBuild failed[39m
packages/core build: [43m[30m WARN [39m[49m [33mΓû▓ [43;33m[[43;30mWARNING[43;33m][0m [1mDuplicate member "parseProperty" in class body[0m [duplicate-class-member]
packages/core build:     src/HoloScriptCodeParser.ts:1186:10:
packages/core build: [37m      1186 Γöé   private [32mparseProperty[37m(): { key: string, value: any } | null {
packages/core build:            Γò╡           [32m~~~~~~~~~~~~~[0m
packages/core build:   The original member "parseProperty" is here:
packages/core build:     src/HoloScriptCodeParser.ts:919:10:
packages/core build: [37m      919 Γöé   private [32mparseProperty[37m(): { key: string; value: unknown } | null {
packages/core build:           Γò╡           [32m~~~~~~~~~~~~~[0m
packages/uaa2-client build: [34mDTS[39m Build start
packages/core build: [43m[30m WARN [39m[49m [33mΓû▓ [43;33m[[43;30mWARNING[43;33m][0m [1mDuplicate member "parseProperty" in class body[0m [duplicate-class-member]
packages/core build:     src/HoloScriptCodeParser.ts:1186:10:
packages/core build: [37m      1186 Γöé   private [32mparseProperty[37m(): { key: string, value: any } | null {
packages/core build:            Γò╡           [32m~~~~~~~~~~~~~[0m
packages/core build:   The original member "parseProperty" is here:
packages/core build:     src/HoloScriptCodeParser.ts:919:10:
packages/core build: [37m      919 Γöé   private [32mparseProperty[37m(): { key: string; value: unknown } | null {
packages/core build:           Γò╡           [32m~~~~~~~~~~~~~[0m
packages/core build: [34mDTS[39m Build start
packages/core build: [32mESM[39m [1mdist\type-checker.js       [22m[32m191.00 B[39m
packages/core build: [32mESM[39m [1mdist\parser.js             [22m[32m189.00 B[39m
packages/core build: [32mESM[39m [1mdist\runtime.js            [22m[32m188.00 B[39m
packages/core build: [32mESM[39m [1mdist\debugger.js           [22m[32m267.00 B[39m
packages/core build: [32mESM[39m [1mdist\chunk-SVYXVH4U.js     [22m[32m11.22 KB[39m
packages/core build: [32mESM[39m [1mdist\chunk-3PPOWTMM.js     [22m[32m10.72 KB[39m
packages/core build: [32mESM[39m [1mdist\chunk-EKBMAKPQ.js     [22m[32m41.76 KB[39m
packages/core build: [32mESM[39m [1mdist\index.js              [22m[32m144.13 KB[39m
packages/core build: [32mESM[39m [1mdist\chunk-DBDDBWGE.js     [22m[32m28.60 KB[39m
packages/core build: [32mESM[39m [1mdist\chunk-4CV4JOE5.js     [22m[32m1.01 KB[39m
packages/core build: [32mESM[39m [1mdist\chunk-SATNCODL.js     [22m[32m1.15 KB[39m
packages/core build: [32mESM[39m [1mdist\debugger.js.map       [22m[32m72.00 B[39m
packages/core build: [32mESM[39m [1mdist\runtime.js.map        [22m[32m71.00 B[39m
packages/core build: [32mESM[39m [1mdist\parser.js.map         [22m[32m70.00 B[39m
packages/core build: [32mESM[39m [1mdist\chunk-SVYXVH4U.js.map [22m[32m27.20 KB[39m
packages/core build: [32mESM[39m [1mdist\chunk-3PPOWTMM.js.map [22m[32m25.76 KB[39m
packages/core build: [32mESM[39m [1mdist\chunk-EKBMAKPQ.js.map [22m[32m98.38 KB[39m
packages/core build: [32mESM[39m [1mdist\type-checker.js.map   [22m[32m76.00 B[39m
packages/core build: [32mESM[39m [1mdist\index.js.map          [22m[32m376.69 KB[39m
packages/core build: [32mESM[39m [1mdist\chunk-DBDDBWGE.js.map [22m[32m68.62 KB[39m
packages/core build: [32mESM[39m [1mdist\chunk-4CV4JOE5.js.map [22m[32m78.00 B[39m
packages/core build: [32mESM[39m [1mdist\chunk-SATNCODL.js.map [22m[32m3.05 KB[39m
packages/core build: [32mESM[39m ΓÜí∩╕Å Build success in 2931ms
packages/core build: [32mCJS[39m [1mdist\parser.cjs             [22m[32m363.00 B[39m
packages/core build: [32mCJS[39m [1mdist\runtime.cjs            [22m[32m359.00 B[39m
packages/core build: [32mCJS[39m [1mdist\debugger.cjs           [22m[32m568.00 B[39m
packages/core build: [32mCJS[39m [1mdist\type-checker.cjs       [22m[32m489.00 B[39m
packages/core build: [32mCJS[39m [1mdist\chunk-22HT7XBS.cjs     [22m[32m11.28 KB[39m
packages/core build: [32mCJS[39m [1mdist\chunk-VZJA4PFU.cjs     [22m[32m10.81 KB[39m
packages/core build: [32mCJS[39m [1mdist\chunk-3X2EGU7Z.cjs     [22m[32m1.29 KB[39m
packages/core build: [32mCJS[39m [1mdist\chunk-CZLDE2OZ.cjs     [22m[32m1.07 KB[39m
packages/core build: [32mCJS[39m [1mdist\chunk-KMW7M6U4.cjs     [22m[32m28.67 KB[39m
packages/core build: [32mCJS[39m [1mdist\index.cjs              [22m[32m146.68 KB[39m
packages/core build: [32mCJS[39m [1mdist\chunk-F3NVMG3S.cjs     [22m[32m42.32 KB[39m
packages/core build: [32mCJS[39m [1mdist\parser.cjs.map         [22m[32m71.00 B[39m
packages/core build: [32mCJS[39m [1mdist\runtime.cjs.map        [22m[32m72.00 B[39m
packages/core build: [32mCJS[39m [1mdist\type-checker.cjs.map   [22m[32m77.00 B[39m
packages/core build: [32mCJS[39m [1mdist\debugger.cjs.map       [22m[32m73.00 B[39m
packages/core build: [32mCJS[39m [1mdist\chunk-22HT7XBS.cjs.map [22m[32m27.20 KB[39m
packages/core build: [32mCJS[39m [1mdist\chunk-VZJA4PFU.cjs.map [22m[32m25.80 KB[39m
packages/core build: [32mCJS[39m [1mdist\chunk-CZLDE2OZ.cjs.map [22m[32m79.00 B[39m
packages/core build: [32mCJS[39m [1mdist\chunk-3X2EGU7Z.cjs.map [22m[32m3.05 KB[39m
packages/core build: [32mCJS[39m [1mdist\chunk-KMW7M6U4.cjs.map [22m[32m68.64 KB[39m
packages/core build: [32mCJS[39m [1mdist\chunk-F3NVMG3S.cjs.map [22m[32m98.45 KB[39m
packages/core build: [32mCJS[39m [1mdist\index.cjs.map          [22m[32m376.85 KB[39m
packages/core build: [32mCJS[39m ΓÜí∩╕Å Build success in 2935ms
packages/uaa2-client build: src/index.ts(49,60): error TS1002: Unterminated string literal.
packages/uaa2-client build: src/index.ts(49,41): error TS2307: Cannot find module './ComponentBuilder' or its corresponding type declarations.
packages/uaa2-client build: src/index.ts(135,1): error TS6133: 'InfinityBuilderClient' is declared but its value is never read.
packages/uaa2-client build: src/index.ts(135,39): error TS2307: Cannot find module './InfinityBuilderClient' or its corresponding type declarations.
packages/uaa2-client build: src/index.ts(136,16): error TS2304: Cannot find name 'InfinityBuilder'.
packages/uaa2-client build: [31mDTS[39m [31mBuild error[39m
packages/uaa2-client build: Failed
C:\Users\josep\Documents\GitHub\HoloScript\packages\uaa2-client:
ΓÇëERR_PNPM_RECURSIVE_RUN_FIRST_FAILΓÇë @holoscript/infinity-builder-client@1.0.0 build: `tsup`
Exit status 1
ΓÇëELIFECYCLEΓÇë Command failed with exit code 1.
