packages/framework/src/economy/x402-facilitator.ts(28,15): error TS2305: Module '"@holoscript/core"' has no exported member 'HSPlusNode'.
packages/framework/src/economy/x402-facilitator.ts(28,27): error TS2305: Module '"@holoscript/core"' has no exported member 'TraitHandler'.
packages/framework/src/economy/x402-facilitator.ts(28,41): error TS2305: Module '"@holoscript/core"' has no exported member 'TraitContext'.
packages/framework/src/economy/x402-facilitator.ts(28,55): error TS2305: Module '"@holoscript/core"' has no exported member 'TraitEvent'.
packages/framework/src/swarm/__tests__/CollectiveIntelligence.prod.test.ts(6,40): error TS2307: Cannot find module '../../extensions' or its corresponding type declarations.
packages/framework/src/swarm/__tests__/CollectiveIntelligence.test.ts(53,44): error TS7006: Parameter 'p' implicitly has an 'any' type.
packages/framework/src/swarm/__tests__/ContributionSynthesizer.prod.test.ts(6,54): error TS2307: Cannot find module '../../extensions' or its corresponding type declarations.
packages/framework/src/swarm/__tests__/ContributionSynthesizer.test.ts(7,54): error TS2307: Cannot find module '../../extensions' or its corresponding type declarations.
packages/framework/src/swarm/__tests__/SwarmCoordinator.prod.test.ts(78,34): error TS7006: Parameter 'agentIdx' implicitly has an 'any' type.
packages/framework/src/swarm/__tests__/SwarmCoordinator.test.ts(3,35): error TS2307: Cannot find module '../../extensions' or its corresponding type declarations.
packages/framework/src/swarm/__tests__/SwarmCoordinator.test.ts(47,41): error TS7006: Parameter 'a' implicitly has an 'any' type.
packages/framework/src/swarm/__tests__/SwarmCoordinator.test.ts(122,41): error TS7006: Parameter 'a' implicitly has an 'any' type.
packages/framework/src/swarm/__tests__/VotingRound.prod.test.ts(11,40): error TS2307: Cannot find module '../../extensions' or its corresponding type declarations.
packages/framework/src/swarm/__tests__/VotingRound.test.ts(3,40): error TS2307: Cannot find module '../../extensions' or its corresponding type declarations.
packages/framework/src/swarm/CollectiveIntelligence.ts(12,8): error TS2307: Cannot find module '../extensions' or its corresponding type declarations.
packages/framework/src/swarm/CollectiveIntelligence.ts(179,59): error TS7006: Parameter 'c' implicitly has an 'any' type.
packages/framework/src/swarm/CollectiveIntelligence.ts(355,42): error TS7006: Parameter 'c' implicitly has an 'any' type.
packages/framework/src/swarm/CollectiveIntelligence.ts(367,48): error TS7006: Parameter 'c' implicitly has an 'any' type.
packages/framework/src/swarm/ContributionSynthesizer.ts(7,54): error TS2307: Cannot find module '../extensions' or its corresponding type declarations.
packages/framework/src/swarm/ContributionSynthesizer.ts(61,8): error TS7006: Parameter 'c' implicitly has an 'any' type.
packages/framework/src/swarm/ContributionSynthesizer.ts(439,18): error TS7006: Parameter 'w' implicitly has an 'any' type.
packages/framework/src/swarm/LeaderElection.ts(8,38): error TS2307: Cannot find module '../extensions' or its corresponding type declarations.
packages/framework/src/swarm/messaging/__tests__/BroadcastChannel.prod.test.ts(81,30): error TS2322: Type 'number' is not assignable to type 'void | Promise<void>'.
packages/framework/src/swarm/messaging/__tests__/BroadcastChannel.prod.test.ts(89,30): error TS2322: Type 'number' is not assignable to type 'void | Promise<void>'.
packages/framework/src/swarm/messaging/__tests__/BroadcastChannel.prod.test.ts(90,30): error TS2322: Type 'number' is not assignable to type 'void | Promise<void>'.
packages/framework/src/swarm/messaging/__tests__/BroadcastChannel.prod.test.ts(97,30): error TS2322: Type 'number' is not assignable to type 'void | Promise<void>'.
packages/framework/src/swarm/messaging/__tests__/BroadcastChannel.prod.test.ts(125,30): error TS2322: Type 'number' is not assignable to type 'void | Promise<void>'.
packages/framework/src/swarm/messaging/__tests__/BroadcastChannel.prod.test.ts(126,30): error TS2322: Type 'number' is not assignable to type 'void | Promise<void>'.
packages/framework/src/swarm/messaging/__tests__/BroadcastChannel.prod.test.ts(216,44): error TS2322: Type 'number' is not assignable to type 'void | Promise<void>'.
packages/framework/src/swarm/messaging/__tests__/BroadcastChannel.prod.test.ts(319,41): error TS2322: Type 'number' is not assignable to type 'void | Promise<void>'.
packages/framework/src/swarm/messaging/__tests__/BroadcastChannel.prod.test.ts(320,41): error TS2322: Type 'number' is not assignable to type 'void | Promise<void>'.
packages/framework/src/swarm/messaging/__tests__/GossipProtocol.prod.test.ts(130,34): error TS2322: Type 'number' is not assignable to type 'void | Promise<void>'.
packages/framework/src/swarm/messaging/__tests__/GossipProtocol.prod.test.ts(138,31): error TS2322: Type 'number' is not assignable to type 'void | Promise<void>'.
packages/framework/src/swarm/messaging/__tests__/GossipProtocol.prod.test.ts(145,39): error TS2322: Type 'number' is not assignable to type 'void | Promise<void>'.
packages/framework/src/swarm/messaging/__tests__/GossipProtocol.prod.test.ts(152,40): error TS2322: Type 'number' is not assignable to type 'void | Promise<void>'.
packages/framework/src/swarm/messaging/__tests__/GossipProtocol.prod.test.ts(192,34): error TS2322: Type 'number' is not assignable to type 'void | Promise<void>'.
packages/framework/src/swarm/messaging/__tests__/GossipProtocol.prod.test.ts(221,45): error TS2322: Type 'number' is not assignable to type 'void | Promise<void>'.
packages/framework/src/swarm/messaging/__tests__/GossipProtocol.prod.test.ts(230,31): error TS2322: Type 'number' is not assignable to type 'void | Promise<void>'.
packages/framework/src/swarm/messaging/__tests__/SwarmEventBus.prod.test.ts(85,38): error TS2322: Type 'number' is not assignable to type 'void | Promise<void>'.
packages/framework/src/swarm/messaging/__tests__/SwarmEventBus.prod.test.ts(93,35): error TS2322: Type 'number' is not assignable to type 'void | Promise<void>'.
packages/framework/src/swarm/messaging/__tests__/SwarmEventBus.prod.test.ts(100,37): error TS2322: Type 'number' is not assignable to type 'void | Promise<void>'.
packages/framework/src/swarm/messaging/__tests__/SwarmEventBus.prod.test.ts(108,38): error TS2322: Type 'number' is not assignable to type 'void | Promise<void>'.
packages/framework/src/swarm/messaging/__tests__/SwarmEventBus.prod.test.ts(117,35): error TS2322: Type 'number' is not assignable to type 'void | Promise<void>'.
packages/framework/src/swarm/messaging/__tests__/SwarmEventBus.prod.test.ts(127,35): error TS2322: Type 'number' is not assignable to type 'void | Promise<void>'.
packages/framework/src/swarm/messaging/__tests__/SwarmEventBus.prod.test.ts(135,34): error TS2322: Type 'number' is not assignable to type 'void | Promise<void>'.
packages/framework/src/swarm/messaging/__tests__/SwarmEventBus.prod.test.ts(171,35): error TS2322: Type 'number' is not assignable to type 'void | Promise<void>'.
packages/framework/src/swarm/messaging/__tests__/SwarmEventBus.test.ts(105,37): error TS2322: Type 'number' is not assignable to type 'void | Promise<void>'.
packages/framework/src/swarm/messaging/__tests__/SwarmEventBus.test.ts(109,42): error TS2322: Type 'number' is not assignable to type 'void | Promise<void>'.
packages/framework/src/swarm/SwarmCoordinator.ts(8,68): error TS2307: Cannot find module '../extensions' or its corresponding type declarations.
packages/framework/src/swarm/VotingRound.ts(7,40): error TS2307: Cannot find module '../extensions' or its corresponding type declarations.