
[1m[46m RUN [49m[22m [36mv4.0.18 [39m[90mC:/Users/josep/Documents/GitHub/HoloScript[39m

 [32mΓ£ô[39m [30m[45m @holoscript/core [49m[39m src/traits/__tests__/AgentMemoryTrait.test.ts[2m > [22mAgentMemoryTrait ΓÇö onAttach[2m > [22memits memory_ready on attach[32m 2[2mms[22m[39m
 [32mΓ£ô[39m [30m[45m @holoscript/core [49m[39m src/traits/__tests__/AgentMemoryTrait.test.ts[2m > [22mAgentMemoryTrait ΓÇö onAttach[2m > [22minitializes empty state[32m 0[2mms[22m[39m
 [32mΓ£ô[39m [30m[45m @holoscript/core [49m[39m src/traits/__tests__/AgentMemoryTrait.test.ts[2m > [22mAgentMemoryTrait ΓÇö store[2m > [22mstores a memory and emits memory_stored[32m 1[2mms[22m[39m
 [32mΓ£ô[39m [30m[45m @holoscript/core [49m[39m src/traits/__tests__/AgentMemoryTrait.test.ts[2m > [22mAgentMemoryTrait ΓÇö store[2m > [22moverwrites existing memory with same key[32m 1[2mms[22m[39m
 [32mΓ£ô[39m [30m[45m @holoscript/core [49m[39m src/traits/__tests__/AgentMemoryTrait.test.ts[2m > [22mAgentMemoryTrait ΓÇö store[2m > [22mignores store without key or content[32m 0[2mms[22m[39m
 [32mΓ£ô[39m [30m[45m @holoscript/core [49m[39m src/traits/__tests__/AgentMemoryTrait.test.ts[2m > [22mAgentMemoryTrait ΓÇö store[2m > [22mstores embedding when provided[32m 1[2mms[22m[39m
 [32mΓ£ô[39m [30m[45m @holoscript/core [49m[39m src/traits/__tests__/AgentMemoryTrait.test.ts[2m > [22mAgentMemoryTrait ΓÇö store[2m > [22mrespects TTL config[32m 0[2mms[22m[39m
 [32mΓ£ô[39m [30m[45m @holoscript/core [49m[39m src/traits/__tests__/AgentMemoryTrait.test.ts[2m > [22mAgentMemoryTrait ΓÇö store[2m > [22mstores multiple memories with different keys[32m 0[2mms[22m[39m
 [32mΓ£ô[39m [30m[45m @holoscript/core [49m[39m src/traits/__tests__/AgentMemoryTrait.test.ts[2m > [22mAgentMemoryTrait ΓÇö recall[2m > [22mrecalls by keyword match[32m 1[2mms[22m[39m
 [32mΓ£ô[39m [30m[45m @holoscript/core [49m[39m src/traits/__tests__/AgentMemoryTrait.test.ts[2m > [22mAgentMemoryTrait ΓÇö recall[2m > [22mrecalls by cosine similarity with embedding[32m 0[2mms[22m[39m
 [31m├ù[39m [30m[45m @holoscript/core [49m[39m src/traits/__tests__/AgentMemoryTrait.test.ts[2m > [22mAgentMemoryTrait ΓÇö recall[2m > [22mfilters by tags[32m 5[2mms[22m[39m
[31m   ΓåÆ Cannot read properties of undefined (reading 'payload')[39m
 [32mΓ£ô[39m [30m[45m @holoscript/core [49m[39m src/traits/__tests__/AgentMemoryTrait.test.ts[2m > [22mAgentMemoryTrait ΓÇö recall[2m > [22mrespects top_k limit[32m 1[2mms[22m[39m
 [32mΓ£ô[39m [30m[45m @holoscript/core [49m[39m src/traits/__tests__/AgentMemoryTrait.test.ts[2m > [22mAgentMemoryTrait ΓÇö recall[2m > [22mreturns empty results when no match[32m 0[2mms[22m[39m
 [32mΓ£ô[39m [30m[45m @holoscript/core [49m[39m src/traits/__tests__/AgentMemoryTrait.test.ts[2m > [22mAgentMemoryTrait ΓÇö recall[2m > [22mincrements access count on recall[32m 0[2mms[22m[39m
 [32mΓ£ô[39m [30m[45m @holoscript/core [49m[39m src/traits/__tests__/AgentMemoryTrait.test.ts[2m > [22mAgentMemoryTrait ΓÇö forget[2m > [22mforgets by key[32m 0[2mms[22m[39m
 [32mΓ£ô[39m [30m[45m @holoscript/core [49m[39m src/traits/__tests__/AgentMemoryTrait.test.ts[2m > [22mAgentMemoryTrait ΓÇö forget[2m > [22mforgets by tag[32m 0[2mms[22m[39m
 [32mΓ£ô[39m [30m[45m @holoscript/core [49m[39m src/traits/__tests__/AgentMemoryTrait.test.ts[2m > [22mAgentMemoryTrait ΓÇö forget[2m > [22mforgets all memories[32m 0[2mms[22m[39m
 [32mΓ£ô[39m [30m[45m @holoscript/core [49m[39m src/traits/__tests__/AgentMemoryTrait.test.ts[2m > [22mAgentMemoryTrait ΓÇö forget[2m > [22mignores forget for unknown key[32m 0[2mms[22m[39m
 [32mΓ£ô[39m [30m[45m @holoscript/core [49m[39m src/traits/__tests__/AgentMemoryTrait.test.ts[2m > [22mAgentMemoryTrait ΓÇö compress[2m > [22mcompresses oldest memories by default[32m 1[2mms[22m[39m
 [32mΓ£ô[39m [30m[45m @holoscript/core [49m[39m src/traits/__tests__/AgentMemoryTrait.test.ts[2m > [22mAgentMemoryTrait ΓÇö compress[2m > [22mcompresses by least_accessed[32m 0[2mms[22m[39m
 [31m├ù[39m [30m[45m @holoscript/core [49m[39m src/traits/__tests__/AgentMemoryTrait.test.ts[2m > [22mAgentMemoryTrait ΓÇö compress[2m > [22memits no-op when under limit[32m 4[2mms[22m[39m
[31m   ΓåÆ expected 1 to be +0 // Object.is equality[39m
 [32mΓ£ô[39m [30m[45m @holoscript/core [49m[39m src/traits/__tests__/AgentMemoryTrait.test.ts[2m > [22mAgentMemoryTrait ΓÇö list and stats[2m > [22mlists memories with pagination[32m 1[2mms[22m[39m
 [32mΓ£ô[39m [30m[45m @holoscript/core [49m[39m src/traits/__tests__/AgentMemoryTrait.test.ts[2m > [22mAgentMemoryTrait ΓÇö list and stats[2m > [22mreturns memory stats[32m 0[2mms[22m[39m
 [32mΓ£ô[39m [30m[45m @holoscript/core [49m[39m src/traits/__tests__/AgentMemoryTrait.test.ts[2m > [22mAgentMemoryTrait ΓÇö TTL eviction[2m > [22mevicts expired memories on update[32m 0[2mms[22m[39m
 [32mΓ£ô[39m [30m[45m @holoscript/core [49m[39m src/traits/__tests__/AgentMemoryTrait.test.ts[2m > [22mAgentMemoryTrait ΓÇö TTL eviction[2m > [22mpermanent (null TTL) memories survive update[32m 0[2mms[22m[39m
 [32mΓ£ô[39m [30m[45m @holoscript/core [49m[39m src/traits/__tests__/AgentMemoryTrait.test.ts[2m > [22mAgentMemoryTrait ΓÇö onDetach[2m > [22memits memory_closed and cleans up[32m 0[2mms[22m[39m
node.exe : 
At line:1 char:1
+ & "C:\Program 
Files\nodejs/node.exe" 
"C:\Users\josep\AppData\Roaming\ ...
+ ~~~~~~~~~~~~~~~~~~~~~~~~~~~~~~~~~~
~~~~~~~~~~~~~~~~~~~~~~~~~~~~~~~~~~~
    + CategoryInfo          : NotSp 
   ecified: (:String) [], RemoteEx  
  ception
    + FullyQualifiedErrorId : Nativ 
   eCommandError
 
[31mΓÄ»ΓÄ»ΓÄ»ΓÄ»ΓÄ»ΓÄ»ΓÄ»[39m[1m
[41m Failed Tests 2 [49m[22m[31mΓ
Ä»ΓÄ»ΓÄ»ΓÄ»ΓÄ»ΓÄ»ΓÄ»[39m

[41m[1m FAIL [22m[49m 
[30m[45m @holoscript/core 
[49m[39m src/traits/__tests__/Agen
tMemoryTrait.test.ts[2m > 
[22mAgentMemoryTrait ΓÇö 
recall[2m > [22mfilters by tags
[31m[1mTypeError[22m: Cannot 
read properties of undefined 
(reading 'payload')[39m
[36m [2mΓ¥»[22m src/traits/__test
s__/AgentMemoryTrait.test.ts:[2m152
:49[22m[39m
    [90m150| [39m    
agentMemoryHandler.onEvent(node, 
config, ctx, { type: 'memory_storΓÇª
    [90m151| [39m    
agentMemoryHandler.onEvent(node, 
config, ctx, { type: 'memory_recaΓÇª
    [90m152| [39m    const 
results = (ctx.of('memory_recalled')
[0].payload as any).resuΓÇª
    [90m   | [39m                 
                               
[31m^[39m
    [90m153| [39m    
expect(results.every((r: any) => 
r.memory.tags.includes('scene')))ΓÇª
    [90m154| [39m  })[33m;[39m

[31m[2mΓÄ»ΓÄ»ΓÄ»ΓÄ»ΓÄ»ΓÄ»ΓÄ»ΓÄ»ΓÄ»
ΓÄ»ΓÄ»ΓÄ»ΓÄ»ΓÄ»ΓÄ»ΓÄ»ΓÄ»ΓÄ»ΓÄ»ΓÄ»ΓÄ»
ΓÄ»ΓÄ»ΓÄ»[1/2]ΓÄ»[22m[39m

[41m[1m FAIL [22m[49m 
[30m[45m @holoscript/core 
[49m[39m src/traits/__tests__/Agen
tMemoryTrait.test.ts[2m > 
[22mAgentMemoryTrait ΓÇö 
compress[2m > [22memits no-op 
when under limit
[31m[1mAssertionError[22m: 
expected 1 to be +0 // Object.is 
equality[39m

[32m- Expected[39m
[31m+ Received[39m

[32m- 0[39m
[31m+ 1[39m

[36m [2mΓ¥»[22m src/traits/__test
s__/AgentMemoryTrait.test.ts:[2m253
:23[22m[39m
    [90m251| [39m    
agentMemoryHandler.onEvent(node, 
config, ctx, { type: 'memory_compΓÇª
    [90m252| [39m    
[35mconst[39m p [33m=[39m ctx[3
3m.[39m[35mof[39m([32m'memory_co
mpressed'[39m)[[34m0[39m][33m.[
39mpayload [35mas[39m 
any[33m;[39m
    [90m253| [39m    [34mexpect[
39m(p[33m.[39mremoved)[33m.[39m
[34mtoBe[39m([34m0[39m)[33m;[39
m
    [90m   | [39m                 
     [31m^[39m
    [90m254| [39m  })[33m;[39m
    [90m255| [39m})[33m;[39m

[31m[2mΓÄ»ΓÄ»ΓÄ»ΓÄ»ΓÄ»ΓÄ»ΓÄ»ΓÄ»ΓÄ»
ΓÄ»ΓÄ»ΓÄ»ΓÄ»ΓÄ»ΓÄ»ΓÄ»ΓÄ»ΓÄ»ΓÄ»ΓÄ»ΓÄ»
ΓÄ»ΓÄ»ΓÄ»[2/2]ΓÄ»[22m[39m


[2m Test Files [22m [1m[31m1 failed[39m[22m[90m (1)[39m
[2m      Tests [22m [1m[31m2 failed[39m[22m[2m | [22m[1m[32m24 passed[39m[22m[90m (26)[39m
[2m   Start at [22m 00:57:16
[2m   Duration [22m 1.44s[2m (transform 110ms, setup 0ms, import 147ms, tests 26ms, environment 0ms)[22m

